\BOOKMARK [0][-]{chapter.1}{\376\377\000I\000n\000t\000r\000o\000d\000u\000z\000i\000o\000n\000e}{}% 1
\BOOKMARK [1][-]{section.1.1}{\376\377\000O\000b\000i\000e\000t\000t\000i\000v\000o}{chapter.1}% 2
\BOOKMARK [0][-]{chapter.2}{\376\377\000I\000l\000\040\000n\000u\000c\000l\000e\000o\000\040\000d\000i\000\040\000c\000a\000l\000c\000o\000l\000o}{}% 3
\BOOKMARK [1][-]{section.2.1}{\376\377\000C\000h\000e\000\040\000c\000o\000s\000a\000\040\000c\000a\000l\000c\000o\000l\000a\000\040\000i\000l\000\040\000n\000u\000c\000l\000e\000o}{chapter.2}% 4
\BOOKMARK [2][-]{subsection.2.1.1}{\376\377\000C\000o\000n\000t\000e\000g\000g\000i\000o\000\040\000d\000e\000l\000l\000e\000\040\000o\000p\000e\000r\000a\000z\000i\000o\000n\000i}{section.2.1}% 5
\BOOKMARK [1][-]{section.2.2}{\376\377\000C\000o\000m\000e\000\040\000v\000e\000n\000g\000o\000n\000o\000\040\000m\000e\000m\000o\000r\000i\000z\000z\000a\000t\000i\000\040\000i\000\040\000d\000a\000t\000i}{chapter.2}% 6
\BOOKMARK [1][-]{section.2.3}{\376\377\000O\000r\000d\000i\000n\000e\000\040\000d\000e\000i\000\040\000c\000i\000c\000l\000i\000:\000\040\000s\000c\000h\000e\000m\000a\000\040\000A\000\040\000c\000o\000n\000t\000r\000o\000\040\000s\000c\000h\000e\000m\000a\000\040\000B}{chapter.2}% 7
\BOOKMARK [2][-]{subsection.2.3.1}{\376\377\000G\000l\000i\000\040\000s\000c\000h\000e\000m\000i\000\040\000c\000a\000n\000d\000i\000d\000a\000t\000i}{section.2.3}% 8
\BOOKMARK [2][-]{subsection.2.3.2}{\376\377\000L\000a\000\040\000q\000u\000a\000n\000t\000i\000f\000i\000c\000a\000z\000i\000o\000n\000e\000:\000\040\000i\000n\000t\000e\000n\000s\000i\000t\000\340\000\040\000a\000r\000i\000t\000m\000e\000t\000i\000c\000a}{section.2.3}% 9
\BOOKMARK [2][-]{subsection.2.3.3}{\376\377\000U\000n\000\040\000l\000i\000m\000i\000t\000e\000\040\000c\000h\000e\000\040\000n\000o\000n\000\040\000s\000i\000\040\000p\000u\000\362\000\040\000s\000u\000p\000e\000r\000a\000r\000e}{section.2.3}% 10
\BOOKMARK [2][-]{subsection.2.3.4}{\376\377\000U\000n\000a\000\040\000p\000r\000o\000p\000r\000i\000e\000t\000\340\000\040\000c\000h\000e\000\040\000c\000o\000n\000t\000a\000\040\000s\000u\000l\000l\000'\000h\000a\000r\000d\000w\000a\000r\000e\000\040\000r\000e\000a\000l\000e}{section.2.3}% 11
\BOOKMARK [1][-]{section.2.4}{\376\377\000P\000r\000e\000c\000i\000s\000i\000o\000n\000e}{chapter.2}% 12
\BOOKMARK [1][-]{section.2.5}{\376\377\000G\000e\000n\000e\000r\000a\000z\000i\000o\000n\000e\000\040\000r\000i\000p\000r\000o\000d\000u\000c\000i\000b\000i\000l\000e\000\040\000d\000e\000i\000\040\000d\000a\000t\000i}{chapter.2}% 13
\BOOKMARK [2][-]{subsection.2.5.1}{\376\377\000I\000l\000\040\000g\000e\000n\000e\000r\000a\000t\000o\000r\000e}{section.2.5}% 14
\BOOKMARK [2][-]{subsection.2.5.2}{\376\377\000L\000e\000\040\000t\000r\000e\000\040\000c\000o\000n\000s\000e\000g\000u\000e\000n\000z\000e\000,\000\040\000t\000u\000t\000t\000e\000\040\000u\000s\000a\000t\000e\000\040\000d\000a\000l\000\040\000p\000r\000o\000g\000e\000t\000t\000o}{section.2.5}% 15
\BOOKMARK [2][-]{subsection.2.5.3}{\376\377\000P\000e\000r\000c\000h\000\351\000\040\000i\000\040\000v\000a\000l\000o\000r\000i\000\040\000h\000a\000n\000n\000o\000\040\000m\000e\000d\000i\000a\000\040\000n\000u\000l\000l\000a}{section.2.5}% 16
\BOOKMARK [0][-]{chapter.3}{\376\377\000I\000m\000p\000l\000e\000m\000e\000n\000t\000a\000z\000i\000o\000n\000e\000\040\000s\000e\000r\000i\000a\000l\000e\000,\000\040\000c\000o\000r\000r\000e\000t\000t\000e\000z\000z\000a\000\040\000e\000\040\000v\000a\000l\000i\000d\000a\000z\000i\000o\000n\000e}{}% 17
\BOOKMARK [1][-]{section.3.1}{\376\377\000L\000'\000o\000r\000a\000c\000o\000l\000o\000\040\000s\000e\000r\000i\000a\000l\000e}{chapter.3}% 18
\BOOKMARK [1][-]{section.3.2}{\376\377\000U\000n\000a\000\040\000t\000o\000l\000l\000e\000r\000a\000n\000z\000a\000\040\000c\000h\000e\000\040\000d\000i\000p\000e\000n\000d\000e\000\040\000d\000a\000\040\000N}{chapter.3}% 19
\BOOKMARK [1][-]{section.3.3}{\376\377\000I\000l\000\040\000t\000e\000s\000t\000\040\000d\000e\000l\000l\000e\000\040\000f\000u\000n\000z\000i\000o\000n\000i\000\040\000i\000n\000d\000i\000c\000e}{chapter.3}% 20
\BOOKMARK [1][-]{section.3.4}{\376\377\000L\000a\000\040\000m\000a\000t\000r\000i\000c\000e\000\040\000d\000i\000\040\000c\000o\000l\000l\000a\000u\000d\000o}{chapter.3}% 21
\BOOKMARK [1][-]{section.3.5}{\376\377\000L\000'\000i\000n\000t\000e\000r\000f\000a\000c\000c\000i\000a\000\040\000u\000n\000i\000c\000a\000\040\000d\000e\000l\000\040\000k\000e\000r\000n\000e\000l\000\040\000l\000o\000c\000a\000l\000e}{chapter.3}% 22
\BOOKMARK [2][-]{subsection.3.5.1}{\376\377\000C\000i\000c\000l\000o\000\040\000d\000i\000\040\000v\000i\000t\000a\000\040\000d\000e\000l\000\040\000k\000e\000r\000n\000e\000l}{section.3.5}% 23
\BOOKMARK [2][-]{subsection.3.5.2}{\376\377\000C\000o\000n\000t\000e\000s\000t\000o\000\040\000o\000p\000a\000c\000o\000\040\000d\000e\000l\000\040\000b\000a\000c\000k\000e\000n\000d}{section.3.5}% 24
\BOOKMARK [2][-]{subsection.3.5.3}{\376\377\000C\000o\000n\000f\000i\000g\000u\000r\000a\000z\000i\000o\000n\000e\000\040\000d\000e\000l\000l\000e\000\040\000b\000u\000i\000l\000d}{section.3.5}% 25
\BOOKMARK [0][-]{chapter.4}{\376\377\000P\000a\000r\000a\000l\000l\000e\000l\000i\000z\000z\000a\000z\000i\000o\000n\000e\000\040\000M\000P\000I}{}% 26
\BOOKMARK [1][-]{section.4.1}{\376\377\000D\000e\000c\000o\000m\000p\000o\000s\000i\000z\000i\000o\000n\000e\000\040\000a\000\040\000g\000r\000i\000g\000l\000i\000a\000\040\000b\000i\000d\000i\000m\000e\000n\000s\000i\000o\000n\000a\000l\000e}{chapter.4}% 27
\BOOKMARK [1][-]{section.4.2}{\376\377\000P\000a\000r\000t\000i\000z\000i\000o\000n\000a\000m\000e\000n\000t\000o\000\040\000d\000e\000g\000l\000i\000\040\000i\000n\000d\000i\000c\000i}{chapter.4}% 28
\BOOKMARK [1][-]{section.4.3}{\376\377\000L\000a\000y\000o\000u\000t\000\040\000d\000e\000i\000\040\000b\000l\000o\000c\000c\000h\000i\000\040\000l\000o\000c\000a\000l\000i}{chapter.4}% 29
\BOOKMARK [2][-]{subsection.4.3.1}{\376\377\000L\000e\000\040\000t\000r\000e\000\040\000l\000e\000a\000d\000i\000n\000g\000\040\000d\000i\000m\000e\000n\000s\000i\000o\000n\000\040\000n\000o\000n\000\040\000s\000o\000n\000o\000\040\000e\000q\000u\000i\000v\000a\000l\000e\000n\000t\000i}{section.4.3}% 30
\BOOKMARK [1][-]{section.4.4}{\376\377\000D\000i\000s\000t\000r\000i\000b\000u\000z\000i\000o\000n\000e\000\040\000i\000n\000i\000z\000i\000a\000l\000e\000\040\000d\000e\000i\000\040\000d\000a\000t\000i}{chapter.4}% 31
\BOOKMARK [1][-]{section.4.5}{\376\377\000L\000'\000a\000l\000g\000o\000r\000i\000t\000m\000o\000\040\000d\000i\000s\000t\000r\000i\000b\000u\000i\000t\000o}{chapter.4}% 32
\BOOKMARK [1][-]{section.4.6}{\376\377\000M\000o\000d\000e\000l\000l\000o\000\040\000d\000i\000\040\000c\000o\000s\000t\000o\000\040\000d\000e\000l\000l\000a\000\040\000c\000o\000m\000u\000n\000i\000c\000a\000z\000i\000o\000n\000e}{chapter.4}% 33
\BOOKMARK [0][-]{chapter.5}{\376\377\000I\000l\000\040\000n\000u\000c\000l\000e\000o\000\040\000d\000i\000\040\000C\000P\000U}{}% 34
\BOOKMARK [1][-]{section.5.1}{\376\377\000S\000p\000e\000c\000i\000a\000l\000i\000z\000z\000a\000z\000i\000o\000n\000e\000\040\000s\000u\000\040\000k}{chapter.5}% 35
\BOOKMARK [2][-]{subsection.5.1.1}{\376\377\000I\000l\000\040\000m\000i\000c\000r\000o\000b\000e\000n\000c\000h\000m\000a\000r\000k\000\040\000c\000h\000e\000\040\000m\000i\000s\000u\000r\000a\000\040\000l\000a\000\040\000s\000p\000e\000c\000i\000a\000l\000i\000z\000z\000a\000z\000i\000o\000n\000e}{section.5.1}% 36
\BOOKMARK [1][-]{section.5.2}{\376\377\000P\000e\000r\000c\000h\000\351\000\040\000K\000B\000\040\000=\000\040\0003\0002}{chapter.5}% 37
\BOOKMARK [1][-]{section.5.3}{\376\377\000C\000i\000\362\000\040\000c\000h\000e\000\040\000i\000l\000\040\000c\000o\000m\000p\000i\000l\000a\000t\000o\000r\000e\000\040\000v\000e\000d\000e}{chapter.5}% 38
\BOOKMARK [1][-]{section.5.4}{\376\377\000I\000l\000\040\000c\000o\000s\000t\000o\000\040\000n\000a\000s\000c\000o\000s\000t\000o\000:\000\040\000l\000a\000\040\000r\000i\000l\000e\000t\000t\000u\000r\000a\000\040\000d\000i\000\040\000X}{chapter.5}% 39
\BOOKMARK [0][-]{chapter.6}{\376\377\000I\000\040\000b\000a\000c\000k\000e\000n\000d\000\040\000C\000U\000D\000A}{}% 40
\BOOKMARK [1][-]{section.6.1}{\376\377\000S\000t\000r\000u\000t\000t\000u\000r\000a\000\040\000c\000o\000m\000u\000n\000e}{chapter.6}% 41
\BOOKMARK [1][-]{section.6.2}{\376\377\000c\000u\000d\000a\000\137\000n\000a\000i\000v\000e\000:\000\040\000l\000a\000\040\000b\000a\000s\000e\000l\000i\000n\000e}{chapter.6}% 42
\BOOKMARK [1][-]{section.6.3}{\376\377\000c\000u\000d\000a\000\137\000w\000a\000r\000p\000:\000\040\000u\000n\000\040\000w\000a\000r\000p\000\040\000p\000e\000r\000\040\000r\000i\000g\000a}{chapter.6}% 43
\BOOKMARK [2][-]{subsection.6.3.1}{\376\377\000U\000n\000\040\000s\000e\000c\000o\000n\000d\000o\000\040\000l\000a\000y\000o\000u\000t\000\040\000p\000e\000r\000\040\000X\000:\000\040\000X\000\137\000L\000A\000Y\000O\000U\000T\000=\000c\000o\000l\000u\000m\000n}{section.6.3}% 44
\BOOKMARK [1][-]{section.6.4}{\376\377\000c\000u\000d\000a\000\137\000w\000a\000r\000p\000\137\000s\000m\000e\000m\000:\000\040\000l\000a\000\040\000f\000e\000t\000t\000a\000\040\000d\000i\000\040\000X\000\040\000i\000n\000\040\000s\000h\000a\000r\000e\000d\000\040\000m\000e\000m\000o\000r\000y}{chapter.6}% 45
\BOOKMARK [2][-]{subsection.6.4.1}{\376\377\000I\000l\000\040\000c\000o\000n\000f\000l\000i\000t\000t\000o\000\040\000s\000u\000i\000\040\000b\000a\000n\000c\000h\000i\000\040\000e\000\040\000i\000l\000\040\000p\000a\000d\000d\000i\000n\000g\000\040\000a\000\040\000k\000+\0001}{section.6.4}% 46
\BOOKMARK [2][-]{subsection.6.4.2}{\376\377\000C\000h\000e\000\040\000c\000o\000s\000a\000\040\000i\000l\000\040\000t\000i\000l\000e\000\040\000c\000a\000m\000b\000i\000a\000\040\000d\000a\000v\000v\000e\000r\000o\000,\000\040\000e\000\040\000c\000h\000e\000\040\000c\000o\000s\000a\000\040\000n\000o}{section.6.4}% 47
\BOOKMARK [2][-]{subsection.6.4.3}{\376\377\000P\000e\000r\000c\000h\000\351\000\040\000n\000o\000n\000\040\000c\000i\000\040\000s\000o\000n\000o\000\040\000u\000s\000c\000i\000t\000e\000\040\000a\000n\000t\000i\000c\000i\000p\000a\000t\000e}{section.6.4}% 48
\BOOKMARK [1][-]{section.6.5}{\376\377\000c\000u\000d\000a\000\137\000w\000a\000r\000p\000\137\000t\000i\000l\000e\000d\000:\000\040\000m\000e\000n\000o\000\040\000a\000c\000c\000u\000m\000u\000l\000a\000t\000o\000r\000i\000\040\000p\000e\000r\000\040\000l\000a\000n\000e}{chapter.6}% 49
\BOOKMARK [1][-]{section.6.6}{\376\377\000c\000u\000b\000l\000a\000s\000:\000\040\000i\000l\000\040\000r\000i\000f\000e\000r\000i\000m\000e\000n\000t\000o\000\040\000e\000s\000t\000e\000r\000n\000o}{chapter.6}% 50
\BOOKMARK [2][-]{subsection.6.6.1}{\376\377\000R\000i\000g\000a\000\040\000c\000o\000n\000t\000r\000o\000\040\000c\000o\000l\000o\000n\000n\000a\000:\000\040\000n\000e\000s\000s\000u\000n\000a\000\040\000t\000r\000a\000s\000p\000o\000s\000i\000z\000i\000o\000n\000e}{section.6.6}% 51
\BOOKMARK [2][-]{subsection.6.6.2}{\376\377\000L\000'\000a\000t\000t\000e\000s\000a\000\040\000\350\000\040\000c\000h\000e\000\040\000v\000a\000d\000a\000\040\000m\000a\000l\000e}{section.6.6}% 52
\BOOKMARK [1][-]{section.6.7}{\376\377\000P\000i\000\371\000\040\000r\000a\000n\000k\000\040\000M\000P\000I\000\040\000s\000u\000l\000l\000a\000\040\000s\000t\000e\000s\000s\000a\000\040\000G\000P\000U}{chapter.6}% 53
\BOOKMARK [0][-]{chapter.7}{\376\377\000M\000o\000d\000e\000l\000l\000o\000\040\000r\000o\000o\000f\000l\000i\000n\000e}{}% 54
\BOOKMARK [1][-]{section.7.1}{\376\377\000R\000o\000o\000f\000l\000i\000n\000e\000\040\000d\000e\000l\000l\000a\000\040\000G\000P\000U}{chapter.7}% 55
\BOOKMARK [2][-]{subsection.7.1.1}{\376\377\000C\000h\000e\000\040\000c\000o\000s\000a\000\040\000i\000l\000\040\000m\000o\000d\000e\000l\000l\000o\000\040\000n\000o\000n\000\040\000d\000i\000c\000e}{section.7.1}% 56
\BOOKMARK [1][-]{section.7.2}{\376\377\000R\000o\000o\000f\000l\000i\000n\000e\000\040\000d\000e\000l\000l\000a\000\040\000C\000P\000U}{chapter.7}% 57
\BOOKMARK [0][-]{chapter.8}{\376\377\000M\000e\000t\000o\000d\000o\000l\000o\000g\000i\000a\000\040\000s\000p\000e\000r\000i\000m\000e\000n\000t\000a\000l\000e}{}% 58
\BOOKMARK [1][-]{section.8.1}{\376\377\000A\000m\000b\000i\000e\000n\000t\000e\000\040\000s\000p\000e\000r\000i\000m\000e\000n\000t\000a\000l\000e}{chapter.8}% 59
\BOOKMARK [1][-]{section.8.2}{\376\377\000P\000r\000o\000t\000o\000c\000o\000l\000l\000o\000\040\000d\000i\000\040\000m\000i\000s\000u\000r\000a}{chapter.8}% 60
\BOOKMARK [1][-]{section.8.3}{\376\377\000D\000e\000f\000i\000n\000i\000z\000i\000o\000n\000e\000\040\000d\000e\000l\000l\000a\000\040\000m\000e\000t\000r\000i\000c\000a\000\040\000d\000i\000\040\000p\000r\000e\000s\000t\000a\000z\000i\000o\000n\000e}{chapter.8}% 61
\BOOKMARK [1][-]{section.8.4}{\376\377\000C\000o\000s\000t\000i\000\040\000e\000s\000c\000l\000u\000s\000i\000\040\000d\000a\000l\000l\000a\000\040\000m\000e\000t\000r\000i\000c\000a\000\040\000u\000f\000f\000i\000c\000i\000a\000l\000e}{chapter.8}% 62
\BOOKMARK [1][-]{section.8.5}{\376\377\000R\000i\000p\000e\000t\000i\000z\000i\000o\000n\000i\000\040\000e\000\040\000s\000t\000a\000b\000i\000l\000i\000t\000\340\000\040\000s\000t\000a\000t\000i\000s\000t\000i\000c\000a}{chapter.8}% 63
\BOOKMARK [1][-]{section.8.6}{\376\377\000D\000i\000s\000e\000g\000n\000o\000\040\000d\000e\000l\000l\000e\000\040\000c\000a\000m\000p\000a\000g\000n\000e\000\040\000s\000p\000e\000r\000i\000m\000e\000n\000t\000a\000l\000i}{chapter.8}% 64
\BOOKMARK [2][-]{subsection.8.6.1}{\376\377\000C\0001\000\040\040\024\000\040\000D\000i\000m\000e\000n\000s\000i\000o\000n\000e\000\040\000d\000e\000l\000\040\000p\000r\000o\000b\000l\000e\000m\000a\000\040\000e\000\040\000r\000a\000p\000p\000o\000r\000t\000o\000\040\000M\000:\000N}{section.8.6}% 65
\BOOKMARK [2][-]{subsection.8.6.2}{\376\377\000C\0002\000\040\040\024\000\040\000S\000w\000e\000e\000p\000\040\000s\000u\000\040\000k\000\040\000e\000\040\000c\000o\000n\000f\000r\000o\000n\000t\000o\000\040\000d\000e\000i\000\040\000b\000a\000c\000k\000e\000n\000d}{section.8.6}% 66
\BOOKMARK [2][-]{subsection.8.6.3}{\376\377\000C\0004\000\040\040\024\000\040\000S\000t\000r\000o\000n\000g\000\040\000s\000c\000a\000l\000i\000n\000g}{section.8.6}% 67
\BOOKMARK [2][-]{subsection.8.6.4}{\376\377\000C\0005\000\040\040\024\000\040\000W\000e\000a\000k\000\040\000s\000c\000a\000l\000i\000n\000g}{section.8.6}% 68
\BOOKMARK [2][-]{subsection.8.6.5}{\376\377\000C\0006\000\040\040\024\000\040\000F\000o\000r\000m\000a\000\040\000d\000e\000l\000l\000a\000\040\000g\000r\000i\000g\000l\000i\000a\000\040\000M\000P\000I}{section.8.6}% 69
\BOOKMARK [2][-]{subsection.8.6.6}{\376\377\000C\0007\000\040\040\024\000\040\000P\000r\000e\000c\000i\000s\000i\000o\000n\000e\000\040\000n\000u\000m\000e\000r\000i\000c\000a}{section.8.6}% 70
\BOOKMARK [0][-]{chapter.9}{\376\377\000I\000m\000p\000l\000e\000m\000e\000n\000t\000a\000z\000i\000o\000n\000e\000\040\000s\000e\000r\000i\000a\000l\000e\000,\000\040\000c\000o\000r\000r\000e\000t\000t\000e\000z\000z\000a\000\040\000e\000\040\000v\000a\000l\000i\000d\000a\000z\000i\000o\000n\000e}{}% 71
\BOOKMARK [1][-]{section.9.1}{\376\377\000L\000'\000o\000r\000a\000c\000o\000l\000o\000\040\000s\000e\000r\000i\000a\000l\000e}{chapter.9}% 72
\BOOKMARK [1][-]{section.9.2}{\376\377\000U\000n\000a\000\040\000t\000o\000l\000l\000e\000r\000a\000n\000z\000a\000\040\000c\000h\000e\000\040\000d\000i\000p\000e\000n\000d\000e\000\040\000d\000a\000\040\000N}{chapter.9}% 73
\BOOKMARK [1][-]{section.9.3}{\376\377\000I\000l\000\040\000t\000e\000s\000t\000\040\000d\000e\000l\000l\000e\000\040\000f\000u\000n\000z\000i\000o\000n\000i\000\040\000i\000n\000d\000i\000c\000e}{chapter.9}% 74
\BOOKMARK [1][-]{section.9.4}{\376\377\000L\000a\000\040\000m\000a\000t\000r\000i\000c\000e\000\040\000d\000i\000\040\000c\000o\000l\000l\000a\000u\000d\000o}{chapter.9}% 75
\BOOKMARK [0][-]{chapter.10}{\376\377\000R\000i\000s\000u\000l\000t\000a\000t\000i}{}% 76
\BOOKMARK [1][-]{section.10.1}{\376\377\000S\000t\000a\000t\000o\000\040\000d\000e\000l\000l\000a\000\040\000r\000a\000c\000c\000o\000l\000t\000a\000\040\000d\000a\000t\000i}{chapter.10}% 77
\BOOKMARK [1][-]{section.10.2}{\376\377\000C\0003\000\040\040\024\000\040\000b\000a\000s\000e\000l\000i\000n\000e\000\040\000d\000i\000\040\000C\000P\000U}{chapter.10}% 78
\BOOKMARK [2][-]{subsection.10.2.1}{\376\377\000L\000e\000t\000t\000u\000r\000a\000:\000\040\000d\000u\000e\000\040\000r\000e\000g\000i\000m\000i\000\040\000s\000e\000p\000a\000r\000a\000t\000i\000\040\000d\000a\000\040\000u\000n\000a\000\040\000s\000o\000g\000l\000i\000a\000\040\000d\000i\000\040\000c\000a\000c\000h\000e}{section.10.2}% 79
\BOOKMARK [2][-]{subsection.10.2.2}{\376\377\000C\000o\000n\000s\000e\000g\000u\000e\000n\000z\000a\000\040\000p\000r\000a\000t\000i\000c\000a}{section.10.2}% 80
\BOOKMARK [2][-]{subsection.10.2.3}{\376\377\000S\000p\000e\000c\000i\000a\000l\000i\000z\000z\000a\000z\000i\000o\000n\000e\000\040\000c\000o\000n\000t\000r\000o\000\040\000f\000a\000l\000l\000b\000a\000c\000k}{section.10.2}% 81
\BOOKMARK [1][-]{section.10.3}{\376\377\000C\0002\000\040\040\024\000\040\000c\000o\000n\000f\000r\000o\000n\000t\000o\000\040\000f\000r\000a\000\040\000b\000a\000c\000k\000e\000n\000d\000\040\000a\000l\000\040\000v\000a\000r\000i\000a\000r\000e\000\040\000d\000i\000\040\000k}{chapter.10}% 82
\BOOKMARK [2][-]{subsection.10.3.1}{\376\377\000S\000w\000e\000e\000p\000\040\000s\000u\000l\000\040\000p\000a\000d\000d\000i\000n\000g\000\040\000d\000e\000l\000l\000a\000\040\000s\000h\000a\000r\000e\000d\000\040\000m\000e\000m\000o\000r\000y}{section.10.3}% 83
\BOOKMARK [2][-]{subsection.10.3.2}{\376\377\000S\000w\000e\000e\000p\000\040\000s\000u\000l\000l\000a\000\040\000d\000i\000m\000e\000n\000s\000i\000o\000n\000e\000\040\000d\000e\000l\000\040\000b\000l\000o\000c\000c\000o}{section.10.3}% 84
\BOOKMARK [1][-]{section.10.4}{\376\377\000C\0001\000\040\040\024\000\040\000t\000a\000g\000l\000i\000a\000\040\000e\000\040\000r\000a\000p\000p\000o\000r\000t\000o\000\040\000M\000:\000N}{chapter.10}% 85
\BOOKMARK [1][-]{section.10.5}{\376\377\000C\0006\000\040\040\024\000\040\000p\000e\000r\000c\000h\000\351\000\040\000l\000a\000\040\000g\000r\000i\000g\000l\000i\000a\000\040\000\350\000\040\000b\000i\000d\000i\000m\000e\000n\000s\000i\000o\000n\000a\000l\000e}{chapter.10}% 86
\BOOKMARK [1][-]{section.10.6}{\376\377\000C\0004\000\040\040\024\000\040\000s\000t\000r\000o\000n\000g\000\040\000s\000c\000a\000l\000i\000n\000g}{chapter.10}% 87
\BOOKMARK [1][-]{section.10.7}{\376\377\000C\0005\000\040\040\024\000\040\000w\000e\000a\000k\000\040\000s\000c\000a\000l\000i\000n\000g}{chapter.10}% 88
\BOOKMARK [1][-]{section.10.8}{\376\377\000C\0007\000.\0001\000\040\040\024\000\040\000q\000u\000a\000n\000t\000o\000\040\000r\000e\000n\000d\000e\000\040\000l\000a\000\040\000s\000i\000n\000g\000o\000l\000a\000\040\000p\000r\000e\000c\000i\000s\000i\000o\000n\000e}{chapter.10}% 89
\BOOKMARK [1][-]{section.10.9}{\376\377\000C\0007\000.\0002\000\040\040\024\000\040\000p\000e\000r\000c\000h\000\351\000:\000\040\000r\000e\000g\000i\000s\000t\000r\000i\000,\000\040\000s\000p\000i\000l\000l\000\040\000e\000\040\000s\000h\000a\000r\000e\000d\000\040\000m\000e\000m\000o\000r\000y}{chapter.10}% 90
\BOOKMARK [1][-]{section.10.10}{\376\377\000I\000l\000\040\000c\000o\000s\000t\000o\000\040\000d\000e\000i\000\040\000d\000a\000t\000i\000:\000\040\000t\000r\000a\000s\000f\000e\000r\000i\000m\000e\000n\000t\000i\000\040\000e\000\040\000p\000r\000e\000p\000r\000o\000c\000e\000s\000s\000i\000n\000g}{chapter.10}% 91
\BOOKMARK [1][-]{section.10.11}{\376\377\000S\000i\000n\000t\000e\000s\000i}{chapter.10}% 92
\BOOKMARK [0][-]{chapter.11}{\376\377\000C\000o\000n\000c\000l\000u\000s\000i\000o\000n\000i}{}% 93
\BOOKMARK [1][-]{section.11.1}{\376\377\000C\000h\000e\000\040\000c\000o\000s\000a\000\040\000\350\000\040\000s\000t\000a\000t\000o\000\040\000r\000e\000a\000l\000i\000z\000z\000a\000t\000o}{chapter.11}% 94
\BOOKMARK [1][-]{section.11.2}{\376\377\000C\000h\000e\000\040\000c\000o\000s\000a\000\040\000d\000i\000c\000o\000n\000o\000\040\000i\000\040\000d\000a\000t\000i\000\040\000f\000i\000n\000o\000r\000a}{chapter.11}% 95
\BOOKMARK [1][-]{section.11.3}{\376\377\000L\000a\000v\000o\000r\000i\000\040\000f\000u\000t\000u\000r\000i}{chapter.11}% 96
\BOOKMARK [0][-]{appendix.Alph1}{\376\377\000I\000n\000t\000e\000r\000f\000a\000c\000c\000i\000a\000\040\000a\000\040\000r\000i\000g\000a\000\040\000d\000i\000\040\000c\000o\000m\000a\000n\000d\000o\000\040\000e\000\040\000f\000o\000r\000m\000a\000t\000o\000\040\000d\000e\000i\000\040\000d\000a\000t\000i}{}% 97
\BOOKMARK [1][-]{section.Alph1.1}{\376\377\000O\000p\000z\000i\000o\000n\000i\000\040\000d\000e\000l\000\040\000d\000r\000i\000v\000e\000r}{appendix.Alph1}% 98
\BOOKMARK [1][-]{section.Alph1.2}{\376\377\000C\000o\000l\000o\000n\000n\000e\000\040\000d\000e\000l\000\040\000C\000S\000V}{appendix.Alph1}% 99
\BOOKMARK [1][-]{section.Alph1.3}{\376\377\000O\000p\000z\000i\000o\000n\000i\000\040\000d\000i\000\040\000b\000u\000i\000l\000d}{appendix.Alph1}% 100
\BOOKMARK [0][-]{appendix.Alph2}{\376\377\000R\000i\000p\000r\000o\000d\000u\000z\000i\000o\000n\000e\000\040\000d\000e\000i\000\040\000r\000i\000s\000u\000l\000t\000a\000t\000i}{}% 101
\BOOKMARK [1][-]{section.Alph2.1}{\376\377\000B\000u\000i\000l\000d}{appendix.Alph2}% 102
\BOOKMARK [1][-]{section.Alph2.2}{\376\377\000V\000a\000l\000i\000d\000a\000z\000i\000o\000n\000e}{appendix.Alph2}% 103
\BOOKMARK [1][-]{section.Alph2.3}{\376\377\000E\000s\000e\000c\000u\000z\000i\000o\000n\000e\000\040\000s\000i\000n\000g\000o\000l\000a}{appendix.Alph2}% 104
\BOOKMARK [1][-]{section.Alph2.4}{\376\377\000C\000a\000m\000p\000a\000g\000n\000e}{appendix.Alph2}% 105
\BOOKMARK [1][-]{section.Alph2.5}{\376\377\000U\000n\000i\000o\000n\000e\000\040\000d\000e\000i\000\040\000C\000S\000V\000\040\000d\000i\000\040\000u\000n\000a\000\040\000c\000a\000m\000p\000a\000g\000n\000a}{appendix.Alph2}% 106
\BOOKMARK [1][-]{section.Alph2.6}{\376\377\000N\000o\000t\000e\000\040\000o\000p\000e\000r\000a\000t\000i\000v\000e\000\040\000s\000u\000l\000\040\000s\000e\000r\000v\000e\000r}{appendix.Alph2}% 107
\BOOKMARK [1][-]{section.Alph2.7}{\376\377\000C\000o\000m\000p\000i\000l\000a\000z\000i\000o\000n\000e\000\040\000d\000i\000\040\000q\000u\000e\000s\000t\000a\000\040\000r\000e\000l\000a\000z\000i\000o\000n\000e}{appendix.Alph2}% 108
